// Jest Snapshot v1, https://goo.gl/fbAQLP

exports[`<Logo /> rendering renders correctly 1`] = `ShallowWrapper {}`;
