// Jest Snapshot v1, https://goo.gl/fbAQLP

exports[`Verify if header renders correctly 1`] = `
<header>
  <img
    alt=""
    src=""
  />
</header>
`;
